Microchip MPLAB XC8 Compiler V3.00

Linker command line:

-W-3 --edf=/opt/microchip/xc8/v3.00/pic/dat/20241204225717_en.msgs -cn \
  -h+dist/default/production/st3base887.X.production.sym \
  --cmf=dist/default/production/st3base887.X.production.cmf -z -Q16F887 \
  -o/tmp/xcXeFkfhO/driver_tmp_3.o --defsym=__MPLAB_BUILD=1 \
  --fixupoverflow=error \
  -Mdist/default/production/st3base887.X.production.map \
  --md=/tmp/xcXeFkfhO/driver_tmp_0.dat -E1 -ver=XC8 Compiler \
  -ACODE=00h-07FFhx4 -ASTRCODE=00h-01FFFh -ASTRING=00h-0FFhx32 \
  -ACONST=00h-0FFhx32 -AENTRY=00h-0FFhx32 -ACOMMON=070h-07Fh \
  -ABANK0=020h-06Fh -ABANK1=0A0h-0EFh -ABANK2=0110h-016Fh \
  -ABANK3=0190h-01EFh -ARAM=020h-06Fh,0A0h-0EFh,0110h-016Fh,0190h-01EFh \
  -AABS1=020h-07Fh,0A0h-0EFh,0110h-016Fh,0190h-01EFh -ASFR0=00h-01Fh \
  -ASFR1=080h-09Fh -ASFR2=0100h-010Fh -ASFR3=0180h-018Fh \
  -ACONFIG=02007h-02008h -DCONFIG=2 -AIDLOC=02000h-02003h -DIDLOC=2 \
  -AEEDATA=00h-0FFh/02100h -peeprom_data=EEDATA -DEEDATA=2 -DCODE=2 \
  -DSTRCODE=2 -DSTRING=2 -DCONST=2 -DENTRY=2 \
  -preset_vec=00h,intentry=04h,sivt,init,end_init -ppowerup=CODE \
  -pcinit=CODE -pfunctab=ENTRY -k /tmp/xcXeFkfhO/driver_tmp_17.o \
  dist/default/production/st3base887.X.production.o 

Object code version is 3.11

Machine type is 16F887



                Name                               Link     Load   Length Selector   Space Scale
/tmp/xcXeFkfhO/driver_tmp_17.o
                end_init                              C        C        3        8       0
                reset_vec                             0        0        3        0       0
                config                             2007     2007        1        0       4
dist/default/production/st3base887.X.production.o
                cinit                                 F        F       14        8       0
                intentry                              4        4        8        8       0
                config                             2007     2007        1        0       4
                text13                              2B6      2B6       11        8       0
                text12                              1ED      1ED       2C        8       0
                text11                              299      299       1D        8       0
                text10                              27C      27C       1D        8       0
                text9                               25E      25E       1E        8       0
                text8                               13A      13A       42        8       0
                text7                               1B5      1B5       38        8       0
                text6                               2E4      2E4        A      5C8       0
                text5                                E3       E3       57        8       0
                text4                                23       23       C0        8       0
                text3                               219      219       23        8       0
                text2                               2C7      2C7        F        8       0
                text1                               17C      17C       39        8       0
                maintext                            23C      23C       22        8       0
                cstackBANK0                          4C       4C       1A       20       1
                cstackCOMMON                         70       70        A       70       1
                clrtext                             2EE      2EE        8      5C8       0
                bssBANK0                             20       20       2C       20       1
                dataCOMMON                           7B       7B        1       70       1
                bitbssCOMMON                        3D0       7A        1       70       1     8
                strings                             2D6      2D6        E      5AC       0
                idataCOMMON                         2F6      2F6        1      5C8       0

TOTAL           Name                               Link     Load   Length     Space
        CLASS   CODE           
                end_init                              C        C        3         0
                cinit                                 F        F       14         0
                intentry                              4        4        8         0
                reset_vec                             0        0        3         0
                text13                              2B6      2B6       11         0
                text12                              1ED      1ED       2C         0
                text11                              299      299       1D         0
                text10                              27C      27C       1D         0
                text9                               25E      25E       1E         0
                text8                               13A      13A       42         0
                text7                               1B5      1B5       38         0
                text6                               2E4      2E4        A         0
                text5                                E3       E3       57         0
                text4                                23       23       C0         0
                text3                               219      219       23         0
                text2                               2C7      2C7        F         0
                text1                               17C      17C       39         0
                maintext                            23C      23C       22         0
                clrtext                             2EE      2EE        8         0
                idataCOMMON                         2F6      2F6        1         0

        CLASS   STRCODE        

        CLASS   STRING         
                strings                             2D6      2D6        E         0

        CLASS   CONST          

        CLASS   ENTRY          

        CLASS   COMMON         
                cstackCOMMON                         70       70        A         1
                dataCOMMON                           7B       7B        1         1
                bitbssCOMMON                        3D0       7A        1         1

        CLASS   BANK0          
                cstackBANK0                          4C       4C       1A         1
                bssBANK0                             20       20       2C         1

        CLASS   BANK1          

        CLASS   BANK2          

        CLASS   BANK3          

        CLASS   RAM            

        CLASS   ABS1           
                abs_s1                               7E       7E        2         1

        CLASS   SFR0           

        CLASS   SFR1           

        CLASS   SFR2           

        CLASS   SFR3           

        CLASS   CONFIG         
                config                             2007     2007        1         4

        CLASS   IDLOC          

        CLASS   EEDATA         

        CLASS   HEAP           

        CLASS   STACK          



SEGMENTS        Name                           Load    Length   Top    Selector   Space  Class     Delta

                strings                        0002D6  00000E  0002E4       5AC       0  STRING      2
                bssBANK0                       000020  000046  000066        20       1  BANK0       1
                reset_vec                      000000  000003  000003         0       0  CODE        2
                text6                          0002E4  000013  0002F7       5C8       0  CODE        2
                cstackCOMMON                   000070  00000C  00007C        70       1  COMMON      1
                intentry                       000004  0002D2  0002D6         8       0  CODE        2


UNUSED ADDRESS RANGES

        Name                Unused          Largest block    Delta
        BANK0            0066-006F              A           1
        BANK1            00A0-00EF             50           1
        BANK2            0110-016F             60           1
        BANK3            0190-01EF             60           1
        CODE             0003-0003              1           2
                         02F7-1FFF            800
        COMMON           007C-007D              2           1
        CONFIG           2008-2008              1           2
        CONST            0003-0003              1           2
                         02F7-1FFF            100
        EEDATA           2100-21FF            100           2
        ENTRY            0003-0003              1           2
                         02F7-1FFF            100
        IDLOC            2000-2003              4           2
        RAM              0066-006F              A           1
                         00A0-00EF             50
                         0110-016F             60
                         0190-01EF             60
        SFR0             0000-001F             20           1
        SFR1             0080-009F             20           1
        SFR2             0100-010F             10           1
        SFR3             0180-018F             10           1
        STRCODE          0003-0003              1           2
                         02F7-1FFF           1D09
        STRING           0003-0003              1           2
                         02F7-1FFF            100

                                  Symbol Table

?___lwdiv                cstackCOMMON 0072
?___lwmod                cstackCOMMON 0072
?_printf                 cstackBANK0  005F
?_vfprintf               cstackBANK0  005C
_ADCON0bits              (abs)        001F
_ADRESH                  (abs)        001E
_ANSEL                   (abs)        0188
_ANSELH                  (abs)        0189
_ANSELbits               (abs)        0188
_INTCONbits              (abs)        000B
_OPTION_REGbits          (abs)        0081
_PIR1bits                (abs)        000C
_PORTBbits               (abs)        0006
_PORTD                   (abs)        0008
_PORTEbits               (abs)        0009
_RCSTAbits               (abs)        0018
_SPBRG                   (abs)        0099
_TMR0                    (abs)        0001
_TRISBbits               (abs)        0086
_TRISD                   (abs)        0088
_TRISEbits               (abs)        0089
_TXREG                   (abs)        0019
_TXSTAbits               (abs)        0098
__H__absolute__          __absolute__ 0000
__Habs1                  abs1         0000
__Hbank0                 bank0        0000
__Hbank1                 bank1        0000
__Hbank2                 bank2        0000
__Hbank3                 bank3        0000
__HbitbssCOMMON          bitbssCOMMON 0000
__HbssBANK0              bssBANK0     0000
__Hcinit                 cinit        0023
__Hclrtext               clrtext      0000
__Hcode                  code         0000
__Hcommon                common       0000
__Hconfig                config       2008
__HcstackBANK0           cstackBANK0  0000
__HcstackCOMMON          cstackCOMMON 0000
__HdataCOMMON            dataCOMMON   0000
__Heeprom_data           eeprom_data  0000
__Hend_init              end_init     000F
__Hfunctab               functab      0000
__Hheap                  heap         0000
__HidataCOMMON           idataCOMMON  0000
__Hinit                  init         000C
__Hintentry              intentry     000C
__Hmaintext              maintext     0000
__Hpowerup               powerup      0000
__Hram                   ram          0000
__Hreset_vec             reset_vec    0003
__Hsfr0                  sfr0         0000
__Hsfr1                  sfr1         0000
__Hsfr2                  sfr2         0000
__Hsfr3                  sfr3         0000
__Hsivt                  sivt         000C
__Hspace_0               (abs)        02F7
__Hspace_1               (abs)        03D1
__Hspace_2               (abs)        0000
__Hspace_3               (abs)        0000
__Hspace_4               (abs)        400F
__Hstack                 stack        0000
__Hstrings               strings      0000
__Htext                  text         0000
__L__absolute__          __absolute__ 0000
__Labs1                  abs1         0000
__Lbank0                 bank0        0000
__Lbank1                 bank1        0000
__Lbank2                 bank2        0000
__Lbank3                 bank3        0000
__LbitbssCOMMON          bitbssCOMMON 0000
__LbssBANK0              bssBANK0     0000
__Lcinit                 cinit        000F
__Lclrtext               clrtext      0000
__Lcode                  code         0000
__Lcommon                common       0000
__Lconfig                config       0000
__LcstackBANK0           cstackBANK0  0000
__LcstackCOMMON          cstackCOMMON 0000
__LdataCOMMON            dataCOMMON   0000
__Leeprom_data           eeprom_data  0000
__Lend_init              end_init     000C
__Lfunctab               functab      0000
__Lheap                  heap         0000
__LidataCOMMON           idataCOMMON  0000
__Linit                  init         000C
__Lintentry              intentry     0004
__Lmaintext              maintext     0000
__Lpowerup               powerup      0000
__Lram                   ram          0000
__Lreset_vec             reset_vec    0000
__Lsfr0                  sfr0         0000
__Lsfr1                  sfr1         0000
__Lsfr2                  sfr2         0000
__Lsfr3                  sfr3         0000
__Lsivt                  sivt         000C
__Lspace_0               (abs)        0000
__Lspace_1               (abs)        0000
__Lspace_2               (abs)        0000
__Lspace_3               (abs)        0000
__Lspace_4               (abs)        0000
__Lstack                 stack        0000
__Lstrings               strings      0000
__Ltext                  text         0000
__S0                     (abs)        02F7
__S1                     (abs)        007C
__S3                     (abs)        0000
___heap_hi               (abs)        0000
___heap_lo               (abs)        0000
___int_sp                stack        0000
___int_stack_hi          stack        0000
___int_stack_lo          stack        0000
___latbits               (abs)        0002
___lwdiv                 text8        013A
___lwdiv@counter         cstackCOMMON 0078
___lwdiv@dividend        cstackCOMMON 0074
___lwdiv@divisor         cstackCOMMON 0072
___lwdiv@quotient        cstackCOMMON 0076
___lwmod                 text7        01B5
___lwmod@counter         cstackCOMMON 0076
___lwmod@dividend        cstackCOMMON 0074
___lwmod@divisor         cstackCOMMON 0072
___sp                    stack        0000
___stack_hi              stack        0000
___stack_lo              stack        0000
___stackhi               (abs)        0000
___stacklo               (abs)        0000
__end_of___lwdiv         text8        017C
__end_of___lwmod         text7        01ED
__end_of__initialization cinit        001F
__end_of__stringtab      strings      02DC
__end_of_fputc           text5        013A
__end_of_isr             text13       02C7
__end_of_main            maintext     025E
__end_of_printf          text2        02D6
__end_of_putch           text6        02EE
__end_of_setup           text12       0219
__end_of_task1           text11       02B6
__end_of_task2           text10       0299
__end_of_task3           text9        027C
__end_of_task4           text1        01B5
__end_of_vfpfcnvrt       text4        00E3
__end_of_vfprintf        text3        023C
__initialization         cinit        000F
__pbitbssCOMMON          bitbssCOMMON 03D0
__pbssBANK0              bssBANK0     0020
__pcstackBANK0           cstackBANK0  004C
__pcstackCOMMON          cstackCOMMON 0070
__pdataCOMMON            dataCOMMON   007B
__pidataCOMMON           idataCOMMON  02F6
__pintentry              intentry     0004
__pmaintext              maintext     023C
__pstrings               strings      02D6
__ptext1                 text1        017C
__ptext10                text10       027C
__ptext11                text11       0299
__ptext12                text12       01ED
__ptext13                text13       02B6
__ptext2                 text2        02C7
__ptext3                 text3        0219
__ptext4                 text4        0023
__ptext5                 text5        00E3
__ptext6                 text6        02E4
__ptext7                 text7        01B5
__ptext8                 text8        013A
__ptext9                 text9        025E
__stringbase             strings      02DB
__stringtab              strings      02D6
_dbuf                    bssBANK0     0020
_flags                   bssBANK0     0048
_fputc                   text5        00E3
_isr                     text13       02B6
_main                    maintext     023C
_prec                    bssBANK0     0042
_printf                  text2        02C7
_putch                   text6        02E4
_reg1                    dataCOMMON   007B
_setup                   text12       01ED
_task1                   text11       0299
_task2                   text10       027C
_task3                   text9        025E
_task4                   text1        017C
_tickms                  bitbssCOMMON 03D0
_vfpfcnvrt               text4        0023
_vfprintf                text3        0219
_width                   bssBANK0     0040
btemp                    (abs)        007E
clear_ram0               clrtext      02EE
end_of_initialization    cinit        001F
fputc@c                  cstackCOMMON 0073
fputc@fp                 cstackCOMMON 0075
interrupt_function       intentry     0004
intlevel0                functab      0000
intlevel1                functab      0000
intlevel2                functab      0000
intlevel3                functab      0000
intlevel4                functab      0000
intlevel5                functab      0000
printf@ap                cstackBANK0  0062
printf@fmt               cstackBANK0  005F
putch@byte               cstackCOMMON 0072
reset_vec                reset_vec    0000
saved_w                  (abs)        007E
start                    init         000C
start_initialization     cinit        000F
task1@cnt                bssBANK0     0046
task2@cnt                bssBANK0     004B
task3@cnt                bssBANK0     004A
task4@cnt                bssBANK0     0044
task4@res                cstackBANK0  0065
task4@state              bssBANK0     0049
vfpfcnvrt@ap             cstackBANK0  0053
vfpfcnvrt@c              cstackBANK0  005B
vfpfcnvrt@convarg        cstackBANK0  0056
vfpfcnvrt@cp             cstackBANK0  005A
vfpfcnvrt@fmt            cstackBANK0  0052
vfpfcnvrt@fp             cstackBANK0  0051
vfprintf@ap              cstackBANK0  005E
vfprintf@cfmt            cstackCOMMON 0079
vfprintf@fmt             cstackBANK0  005D
vfprintf@fp              cstackBANK0  005C
wtemp0                   (abs)        007E


MODULE INFORMATION

Module		Function		Class		Link	Load	Size
/opt/microchip/xc8/v3.00/pic/sources/c99/common/lwdiv.c
		___lwdiv       		CODE           	013A	0000	66

/opt/microchip/xc8/v3.00/pic/sources/c99/common/lwdiv.c estimated size: 66

/opt/microchip/xc8/v3.00/pic/sources/c99/common/doprnt.c
		_vfpfcnvrt     		CODE           	0023	0000	192
		_vfprintf      		CODE           	0219	0000	35

/opt/microchip/xc8/v3.00/pic/sources/c99/common/doprnt.c estimated size: 227

/opt/microchip/xc8/v3.00/pic/sources/c99/common/nf_fputc.c
		_fputc         		CODE           	00E3	0000	87

/opt/microchip/xc8/v3.00/pic/sources/c99/common/nf_fputc.c estimated size: 87

shared
		__stringtab    		STRING         	02D6	0000	6
		__initialization		CODE           	000F	0000	16

shared estimated size: 22

/opt/microchip/xc8/v3.00/pic/sources/c99/common/lwmod.c
		___lwmod       		CODE           	01B5	0000	56

/opt/microchip/xc8/v3.00/pic/sources/c99/common/lwmod.c estimated size: 56

main.c
		_task2         		CODE           	027C	0000	29
		_putch         		CODE           	02E4	0000	10
		_main          		CODE           	023C	0000	34
		_task3         		CODE           	025E	0000	30
		_task4         		CODE           	017C	0000	57
		_isr           		CODE           	02B6	0000	17
		_setup         		CODE           	01ED	0000	44
		_task1         		CODE           	0299	0000	29

main.c estimated size: 250

/opt/microchip/xc8/v3.00/pic/sources/c99/common/printf.c
		_printf        		CODE           	02C7	0000	15

/opt/microchip/xc8/v3.00/pic/sources/c99/common/printf.c estimated size: 15

